FAIL: Nginx Load Balancer is not running
